[debug] [2026-05-15T23:58:41.975Z] ----------------------------------------------------------------------
[debug] [2026-05-15T23:58:41.977Z] Command:       C:\Program Files\nodejs\node.exe C:\Users\Kaos\AppData\Roaming\npm\node_modules\firebase-tools\lib\bin\firebase.js init hosting:github
[debug] [2026-05-15T23:58:41.978Z] CLI Version:   15.18.0
[debug] [2026-05-15T23:58:41.978Z] Platform:      win32
[debug] [2026-05-15T23:58:41.978Z] Node Version:  v25.2.1
[debug] [2026-05-15T23:58:41.978Z] Time:          Sat May 16 2026 01:58:41 GMT+0200 (South Africa Standard Time)
[debug] [2026-05-15T23:58:41.978Z] ----------------------------------------------------------------------
[debug] 
[info] 
     ######## #### ########  ######## ########     ###     ######  ########
     ##        ##  ##     ## ##       ##     ##  ##   ##  ##       ##
     ######    ##  ########  ######   ########  #########  ######  ######
     ##        ##  ##    ##  ##       ##     ## ##     ##       ## ##
     ##       #### ##     ## ######## ########  ##     ##  ######  ########

You're about to initialize a Firebase project in this directory:

  C:\Users\Kaos\Documents\2026\Tutoring\thirdyear\sd\ByteForce

Before we get started, keep in mind:

  * You are initializing within an existing Firebase project directory

[debug] [2026-05-15T23:58:52.719Z] ExitPromptError: User force closed the prompt with SIGINT
    at Interface.sigint (C:\Users\Kaos\AppData\Roaming\npm\node_modules\firebase-tools\node_modules\@inquirer\core\dist\commonjs\lib\create-prompt.js:101:37)
    at Interface.emit (node:events:508:28)
    at [_ttyWrite] [as _ttyWrite] (node:internal/readline/interface:1327:18)
    at ReadStream.onkeypress (node:internal/readline/interface:284:20)
    at ReadStream.emit (node:events:520:35)
    at emitKeys (node:internal/readline/utils:371:14)
    at emitKeys.next (<anonymous>)
    at ReadStream.onData (node:internal/readline/emitKeypressEvents:64:36)
    at ReadStream.emit (node:events:508:28)
    at addChunk (node:internal/streams/readable:559:12)
[error] 
[error] Error: An unexpected error has occurred.
